Testing /stats...
Stats Status: 200
{"uptime_seconds":502,"total_jobs":2,"total_polygons":10000,"ai_tokens":0,"active_nodes":1,"system_status":"OPERATIONAL"}

Testing Upload & Execute...
Upload Path: backend/data/uploads/test_urllib.obj
Execute Status: 200
{"status":"success","segmentation":{"object_masks":[],"mesh_region_masks":[],"curvature_boundaries":[],"material_clusters":[],"uv_region_clusters":[],"surface_semantic_zones":[]},"validationReport":{"geometry":{"watertight":false,"issues":["Mesh backend/data/uploads/test_urllib.obj is not watertight"],"non_manifold_edges":0,"open_boundaries":0,"lamina_faces":0,"self_intersections":0,"inverted_normals":0,"degenerate_tris":0},"uv":{"overlaps":0,"distortion":0.0,"missing_uv_sets":0,"udim_issues":0},"material":{"missing_maps":[],"incorrect_pbr_channels":[],"texture_mismatch":false,"shader_inconsistencies":[]},"topology":{"triangulated":true,"manifold":true,"issues":[],"valence_issues":0,"bad_edge_flow":0,"tri_noise":0,"hard_edge_errors":0},"passed":true},"autodeskValidation":{"status":"PASS","checks":{"n_gons":{"status":"PASS","count":0}},"maya_compatible":true},"uvOutput":{"seam_field_path":"","unwrap_status":"success","packing_efficiency":0.49896693229675293,"udim_count":1,"sam_guided_zones":[]},"lightmapUVOutput":{"uv2_status":"generated","engine_target":"unity","quality_metrics":{"texel_density":0.0,"padding_distribution":0.0,"chart_score":0.0,"distortion_score":0.0}},"remeshOutput":{"mesh_path":"remeshed.obj","method_used":"neural_quad","metrics":{"aspect_ratio":1.0,"valence_score":1.0,"curvature_deviation":0.0,"quad_tri_ratio":1.0,"uv_retention":1.0}},"materialProfile":{"classification":"PBR_Standard","texture_verification":"pass","auto_fix_recommendations":[],"shader_mapping":{},"neural_enhancement_applied":false},"generative3DOutput":{"generated_mesh_path":null,"reconstructed_mesh_path":null,"partial_regeneration_regions":[],"style_transfer_applied":false,"neural_enhancement_applied":false},"exportCompliance":{"target_engine":"unreal","compliant":true,"issues":[],"fixed_items":[]}}
